C51 COMPILER V9.54   EXTI0                                                                 09/30/2024 09:57:53 PAGE 1   


C51 COMPILER V9.54, COMPILATION OF MODULE EXTI0
OBJECT MODULE PLACED IN exti0.OBJ
COMPILER INVOKED BY: D:\keilC51\C51\BIN\C51.EXE exti0.c OPTIMIZE(8,SPEED) BROWSE DEBUG OBJECTEXTEND TABS(2)

line level    source

   1          #include <REGX52.H>
   2          /*
   3          * 函 数 名       : exti0_init
   4          * 函数功能     : 外部中断0配置函数
   5          * 输    入       : 无
   6          * 输    出       : 无
   7          */
   8          void exti0_init(void)
   9          {
  10   1        IT0=1;//跳变沿触发方式（下降沿）
  11   1        EX0=1;//打开INT0的中断允许
  12   1        EA=1;//打开总中断
  13   1      }


MODULE INFORMATION:   STATIC OVERLAYABLE
   CODE SIZE        =      7    ----
   CONSTANT SIZE    =   ----    ----
   XDATA SIZE       =   ----    ----
   PDATA SIZE       =   ----    ----
   DATA SIZE        =   ----    ----
   IDATA SIZE       =   ----    ----
   BIT SIZE         =   ----    ----
END OF MODULE INFORMATION.


C51 COMPILATION COMPLETE.  0 WARNING(S),  0 ERROR(S)
